// Jest Snapshot v1, https://goo.gl/fbAQLP

exports[`App Component -> should render 1`] = `
<div
  className="MuiContainer-root MuiContainer-maxWidthLg"
>
  <div
    className="App"
  >
    <div
      className="content"
    >
      <div
        className="contactForm"
      >
        <div
          className="addCon"
        >
          <button
            className="MuiButtonBase-root MuiButton-root MuiButton-contained MuiButton-containedPrimary"
            disabled={false}
            onBlur={[Function]}
            onClick={[Function]}
            onDragLeave={[Function]}
            onFocus={[Function]}
            onKeyDown={[Function]}
            onKeyUp={[Function]}
            onMouseDown={[Function]}
            onMouseLeave={[Function]}
            onMouseUp={[Function]}
            onTouchEnd={[Function]}
            onTouchMove={[Function]}
            onTouchStart={[Function]}
            tabIndex={0}
            type="button"
          >
            <span
              className="MuiButton-label"
            >
              Add
            </span>
          </button>
        </div>
      </div>
      <div
        className="contactList"
      >
        <p>
          No records!
        </p>
      </div>
      <div />
    </div>
  </div>
</div>
`;
